// Jest Snapshot v1, https://goo.gl/fbAQLP

exports[`Should render SkillListItem correctly 1`] = `
<div>
  <h3>
    ReactJS
  </h3>
  <h4>
    7+ years
  </h4>
  <h5>
    3
  </h5>
  <button
    onClick={[Function]}
  >
    Remove
  </button>
</div>
`;
